[38;5;112m[Appium][0m Welcome to Appium v3.1.0
[38;5;112m[Appium][0m Non-default server args:
[38;5;112m[Appium][0m { basePath: [32m'/wd/hub'[39m, loglevel: [32m'info'[39m, port: [33m57148[39m }
[38;5;112m[Appium][0m Attempting to load driver uiautomator2...
[38;5;112m[Appium][0m Appium REST http interface listener started on http://0.0.0.0:57148/wd/hub
[38;5;112m[Appium][0m You can provide the following URLs in your client code to connect to this server:
	http://192.168.1.10:57148/wd/hub
	http://127.0.0.1:57148/wd/hub (only accessible from the same host)
[38;5;112m[Appium][0m Available drivers:
[38;5;112m[Appium][0m   - uiautomator2@5.0.6 (automationName 'UiAutomator2')
[38;5;112m[Appium][0m No plugins have been installed. Use the "appium plugin" command to install the one(s) you want to use.
[38;5;86m[HTTP][0m [37m-->[39m [37mGET[39m [37m/wd/hub/status[39m [90m[39m
[38;5;86m[HTTP][0m [37m<-- GET /wd/hub/status [39m[32m200[39m [90m4 ms - 110[39m [90m[39m
[38;5;86m[HTTP][0m [37m-->[39m [37mGET[39m [37m/wd/hub/status[39m [90m[39m
[38;5;86m[HTTP][0m [37m<-- GET /wd/hub/status [39m[32m200[39m [90m1 ms - 110[39m [90m[39m
[38;5;86m[HTTP][0m [37m-->[39m [37mPOST[39m [37m/wd/hub/session[39m [90m{"capabilities":{"firstMatch":[{"appium:autoGrantPermissions":true,"appium:automationName":"uiautomator2","appium:deviceId":"27191FDH3003DE","appium:deviceName":"Google Pixel 8 (Android 16)","appium:newCommandTimeout":1800,"appium:platformVersion":"16","appium:property":"","appium:systemPort":8227,"appium:udid":"27191FDH3003DE","platformName":"ANDROID"}]},"desiredCapabilities":{"appium:autoGrantPermissions":true,"appium:automationName":"uiautomator2","appium:deviceId":"27191FDH3003DE","appium:deviceName":"Google Pixel 8 (Android 16)","appium:newCommandTimeout":1800,"appium:platformVersion":"16","appium:property":"","appium:systemPort":8227,"appium:udid":"27191FDH3003DE","platformName":"ANDROID"}}[39m
[38;5;123m[BaseDriver][0m The following arguments are not known and will be ignored: desiredCapabilities
[38;5;112m[Appium][0m Attempting to find matching driver for automationName 'uiautomator2' and platformName 'ANDROID'
[38;5;112m[Appium][0m The 'uiautomator2' driver was installed and matched caps.
[38;5;112m[Appium][0m Will require it at C:\Users\ghibran.hy\.appium\node_modules\appium-uiautomator2-driver
[38;5;135m[AppiumDriver@6418][0m Appium v3.1.0 creating new AndroidUiautomator2Driver (v5.0.6) session
[38;5;135m[AppiumDriver@6418][0m Checking BaseDriver versions for Appium and AndroidUiautomator2Driver
[38;5;135m[AppiumDriver@6418][0m Appium's BaseDriver version is 10.1.0
[38;5;135m[AppiumDriver@6418][0m AndroidUiautomator2Driver's BaseDriver version is 10.1.0
[38;5;-103m[AndroidUiautomator2Driver@0cc8][0m The following provided capabilities were not recognized by this driver:
[38;5;-103m[AndroidUiautomator2Driver@0cc8][0m   deviceId
[38;5;-103m[AndroidUiautomator2Driver@0cc8][0m   property
[38;5;45m[a874762f][0m[38;5;-103m[AndroidUiautomator2Driver@0cc8][0m Session created with session id: a874762f-b120-42ef-9a11-8fa021ad9a3e
[38;5;45m[a874762f][0m[38;5;229m[ADB][0m Found 1 'build-tools' folders under 'C:\Users\ghibran.hy\.katalon\tools\android_sdk' (newest first):
[38;5;45m[a874762f][0m[38;5;229m[ADB][0m     C:\Users\ghibran.hy\.katalon\tools\android_sdk\build-tools\29.0.3
[38;5;45m[a874762f][0m[38;5;229m[ADB][0m Using 'adb.exe' from 'C:\Users\ghibran.hy\.katalon\tools\android_sdk\platform-tools\adb.exe'
[38;5;45m[a874762f][0m[38;5;-103m[AndroidUiautomator2Driver@0cc8][0m Retrieving device list
[38;5;45m[a874762f][0m[38;5;-103m[AndroidUiautomator2Driver@0cc8][0m Using device: 27191FDH3003DE
[38;5;45m[a874762f][0m[38;5;229m[ADB][0m Using 'adb.exe' from 'C:\Users\ghibran.hy\.katalon\tools\android_sdk\platform-tools\adb.exe'
[38;5;45m[a874762f][0m[38;5;-103m[AndroidUiautomator2Driver@0cc8][0m Neither 'app' nor 'appPackage' was set. Starting UiAutomator2 without the target application
[38;5;45m[a874762f][0m[38;5;229m[ADB][0m Getting device platform version
[38;5;45m[a874762f][0m[38;5;-103m[AndroidUiautomator2Driver@0cc8][0m Relaxing hidden api policy
[38;5;45m[a874762f][0m[38;5;229m[ADB][0m Using 'aapt2.exe' from 'C:\Users\ghibran.hy\.katalon\tools\android_sdk\build-tools\29.0.3\aapt2.exe'
[38;5;45m[a874762f][0m[38;5;-103m[AndroidUiautomator2Driver@0cc8][0m Server packages are not going to be (re)installed
[38;5;45m[a874762f][0m[38;5;229m[ADB][0m Adding packages ["io.appium.settings","io.appium.uiautomator2.server","io.appium.uiautomator2.server.test"] to Doze whitelist
[38;5;45m[a874762f][0m[38;5;-103m[AndroidUiautomator2Driver@0cc8][0m Starting UIAutomator2 server 8.1.2
[38;5;45m[a874762f][0m[38;5;-103m[AndroidUiautomator2Driver@0cc8][0m Using UIAutomator2 server from 'C:\Users\ghibran.hy\.appium\node_modules\appium-uiautomator2-driver\node_modules\appium-uiautomator2-server\apks\appium-uiautomator2-server-v8.1.2.apk' and test from 'C:\Users\ghibran.hy\.appium\node_modules\appium-uiautomator2-driver\node_modules\appium-uiautomator2-server\apks\appium-uiautomator2-server-debug-androidTest.apk'
[38;5;45m[a874762f][0m[38;5;-103m[AndroidUiautomator2Driver@0cc8][0m Waiting up to 30000ms for UiAutomator2 to be online...
[38;5;45m[a874762f][0m[38;5;-103m[AndroidUiautomator2Driver@0cc8][0m socket hang up
[38;5;45m[a874762f][0m[38;5;-103m[AndroidUiautomator2Driver@0cc8][0m Determined the downstream protocol as 'W3C'
[38;5;45m[a874762f][0m[38;5;-103m[AndroidUiautomator2Driver@0cc8][0m Screen already unlocked, doing nothing
[38;5;45m[a874762f][0m[38;5;135m[AppiumDriver@6418][0m New AndroidUiautomator2Driver session created successfully, session a874762f-b120-42ef-9a11-8fa021ad9a3e added to master session list
[38;5;45m[a874762f][0m[38;5;86m[HTTP][0m [37m<-- POST /wd/hub/session [39m[32m200[39m [90m4115 ms - 1057[39m [90m[39m
[38;5;86m[HTTP][0m [37m-->[39m [37mGET[39m [37m/status[39m [90m[39m
[38;5;86m[HTTP][0m [37m<-- GET /status [39m[33m404[39m [90m22 ms - 3201[39m [90m[39m
[38;5;45m[a874762f][0m[38;5;86m[HTTP][0m [37m-->[39m [37mPOST[39m [37m/wd/hub/session/a874762f-b120-42ef-9a11-8fa021ad9a3e/timeouts[39m [90m{"implicit":60000}[39m
[38;5;45m[a874762f][0m[38;5;86m[HTTP][0m [37m<-- POST /wd/hub/session/a874762f-b120-42ef-9a11-8fa021ad9a3e/timeouts [39m[32m200[39m [90m8 ms - 14[39m [90m[39m
[38;5;45m[a874762f][0m[38;5;86m[HTTP][0m [37m-->[39m [37mPOST[39m [37m/wd/hub/session/a874762f-b120-42ef-9a11-8fa021ad9a3e/execute/sync[39m [90m{"script":"mobile: getSystemBars","args":[]}[39m
[38;5;45m[a874762f][0m[38;5;86m[HTTP][0m [37m<-- POST /wd/hub/session/a874762f-b120-42ef-9a11-8fa021ad9a3e/execute/sync [39m[32m200[39m [90m230 ms - 152[39m [90m[39m
[38;5;45m[a874762f][0m[38;5;86m[HTTP][0m [37m-->[39m [37mPOST[39m [37m/wd/hub/session/a874762f-b120-42ef-9a11-8fa021ad9a3e/execute/sync[39m [90m{"script":"mobile: activateApp","args":[{"appId":"com.seatech.bluebird.regress","bundleId":"com.seatech.bluebird.regress"}]}[39m
[38;5;45m[a874762f][0m[38;5;123m[BaseDriver][0m The following arguments are not known and will be ignored: bundleId
[38;5;45m[a874762f][0m[38;5;86m[HTTP][0m [37m<-- POST /wd/hub/session/a874762f-b120-42ef-9a11-8fa021ad9a3e/execute/sync [39m[32m200[39m [90m395 ms - 14[39m [90m[39m
[38;5;45m[a874762f][0m[38;5;86m[HTTP][0m [37m-->[39m [37mGET[39m [37m/wd/hub/session/a874762f-b120-42ef-9a11-8fa021ad9a3e/source[39m [90m{}[39m
[38;5;45m[a874762f][0m[38;5;-103m[AndroidUiautomator2Driver@0cc8][0m Driver proxy active, passing request on via HTTP proxy
[38;5;45m[a874762f][0m[38;5;-103m[AndroidUiautomator2Driver@0cc8][0m Replacing sessionId 2175c156-6def-41fa-9108-c78ef47d850c with a874762f-b120-42ef-9a11-8fa021ad9a3e
[38;5;45m[a874762f][0m[38;5;86m[HTTP][0m [37m<-- GET /wd/hub/session/a874762f-b120-42ef-9a11-8fa021ad9a3e/source [39m[32m200[39m [90m171 ms - 16976[39m [90m[39m
[38;5;45m[a874762f][0m[38;5;86m[HTTP][0m [37m-->[39m [37mGET[39m [37m/wd/hub/session/a874762f-b120-42ef-9a11-8fa021ad9a3e/screenshot[39m [90m{}[39m
[38;5;45m[a874762f][0m[38;5;86m[HTTP][0m [37m<-- GET /wd/hub/session/a874762f-b120-42ef-9a11-8fa021ad9a3e/screenshot [39m[32m200[39m [90m672 ms - 234848[39m [90m[39m
[38;5;45m[a874762f][0m[38;5;86m[HTTP][0m [37m-->[39m [37mDELETE[39m [37m/wd/hub/session/a874762f-b120-42ef-9a11-8fa021ad9a3e[39m [90m{}[39m
[38;5;45m[a874762f][0m[38;5;135m[AppiumDriver@6418][0m Removing session a874762f-b120-42ef-9a11-8fa021ad9a3e from our master session list
[38;5;45m[a874762f][0m[38;5;-103m[AndroidUiautomator2Driver@0cc8][0m The UIA2 server did has not been terminated within 5000ms timeout. Continuing anyway
[38;5;45m[a874762f][0m[38;5;-103m[AndroidUiautomator2Driver@0cc8][0m Restoring hidden api policy to the device default configuration
[38;5;45m[a874762f][0m[38;5;86m[HTTP][0m [37m<-- DELETE /wd/hub/session/a874762f-b120-42ef-9a11-8fa021ad9a3e [39m[32m200[39m [90m5811 ms - 14[39m [90m[39m
